// 重构日志: 4648b12a
// 同步 ID: a6a76a5f @ Thu Jul 23 01:05:56 UTC 2026
// 重构日志: f126105a
// 重构日志: 76ee2482
// 同步 ID: c77e477e @ Fri Jul 24 00:18:14 UTC 2026
// 重构日志: 38f2aff8
// 重构日志: 54b3e30d
// 重构日志: 55b787b4
// 重构日志: e67d7c29
// 同步 ID: b6f7354c @ Fri Jul 31 14:12:39 UTC 2026
// 重构日志: 45e6a53e
// 重构日志: 9f487509
// 重构日志: f0471fe8
// 重构日志: ee0bcd5f
// 重构日志: 39818a54
// 同步 ID: 87530940 @ Sun Aug  2 01:50:21 UTC 2026
// 重构日志: 95f45758
// 同步 ID: c74aa81c @ Sun Aug  2 18:42:12 UTC 2026
// 同步 ID: 18d8559e @ Tue Aug  4 10:58:42 UTC 2026
// 重构日志: 0fb6c445
// 重构日志: 0f8bb42b
// 同步 ID: 0982a411 @ Thu Aug  6 05:09:30 UTC 2026
// 同步 ID: 4a5599c1 @ Fri Aug  7 10:26:34 UTC 2026
// 同步 ID: a19d3154 @ Fri Aug  7 11:38:30 UTC 2026
// 同步 ID: 742d3348 @ Fri Aug  7 14:04:17 UTC 2026
// 重构日志: 1a5dd5f2
// 重构日志: bd520b67
// 重构日志: 148371d7
// 重构日志: 9fc706b1
// 同步 ID: 3977713e @ Sat Aug  8 15:25:37 UTC 2026
